// Jest Snapshot v1, https://goo.gl/fbAQLP

exports[`查询页面：化验单选择组件 匹配快照 1`] = `
Object {
  "asFragment": [Function],
  "baseElement": <body>
    <div>
      <div>
        <div>
          <label
            class="ant-checkbox-wrapper"
          >
            <span
              class="ant-checkbox"
            >
              <input
                class="ant-checkbox-input"
                data-testid="checkbox0"
                type="checkbox"
                value=""
              />
              <span
                class="ant-checkbox-inner"
              />
            </span>
            <span>
              生化全项
            </span>
          </label>
        </div>
        <div>
          <label
            class="ant-checkbox-wrapper"
          >
            <span
              class="ant-checkbox"
            >
              <input
                class="ant-checkbox-input"
                data-testid="checkbox1"
                type="checkbox"
                value=""
              />
              <span
                class="ant-checkbox-inner"
              />
            </span>
            <span>
              血常规
            </span>
          </label>
        </div>
        <div>
          <label
            class="ant-checkbox-wrapper"
          >
            <span
              class="ant-checkbox"
            >
              <input
                class="ant-checkbox-input"
                data-testid="checkbox2"
                type="checkbox"
                value=""
              />
              <span
                class="ant-checkbox-inner"
              />
            </span>
            <span>
              便常规
            </span>
          </label>
        </div>
        <div>
          <button
            class="ant-btn"
            type="button"
          >
            <span>
              取 消
            </span>
          </button>
          <button
            class="ant-btn ant-btn-primary"
            type="button"
          >
            <span>
               确定 
            </span>
          </button>
        </div>
      </div>
    </div>
  </body>,
  "container": <div>
    <div>
      <div>
        <label
          class="ant-checkbox-wrapper"
        >
          <span
            class="ant-checkbox"
          >
            <input
              class="ant-checkbox-input"
              data-testid="checkbox0"
              type="checkbox"
              value=""
            />
            <span
              class="ant-checkbox-inner"
            />
          </span>
          <span>
            生化全项
          </span>
        </label>
      </div>
      <div>
        <label
          class="ant-checkbox-wrapper"
        >
          <span
            class="ant-checkbox"
          >
            <input
              class="ant-checkbox-input"
              data-testid="checkbox1"
              type="checkbox"
              value=""
            />
            <span
              class="ant-checkbox-inner"
            />
          </span>
          <span>
            血常规
          </span>
        </label>
      </div>
      <div>
        <label
          class="ant-checkbox-wrapper"
        >
          <span
            class="ant-checkbox"
          >
            <input
              class="ant-checkbox-input"
              data-testid="checkbox2"
              type="checkbox"
              value=""
            />
            <span
              class="ant-checkbox-inner"
            />
          </span>
          <span>
            便常规
          </span>
        </label>
      </div>
      <div>
        <button
          class="ant-btn"
          type="button"
        >
          <span>
            取 消
          </span>
        </button>
        <button
          class="ant-btn ant-btn-primary"
          type="button"
        >
          <span>
             确定 
          </span>
        </button>
      </div>
    </div>
  </div>,
  "debug": [Function],
  "findAllByAltText": [Function],
  "findAllByDisplayValue": [Function],
  "findAllByLabelText": [Function],
  "findAllByPlaceholderText": [Function],
  "findAllByRole": [Function],
  "findAllByTestId": [Function],
  "findAllByText": [Function],
  "findAllByTitle": [Function],
  "findByAltText": [Function],
  "findByDisplayValue": [Function],
  "findByLabelText": [Function],
  "findByPlaceholderText": [Function],
  "findByRole": [Function],
  "findByTestId": [Function],
  "findByText": [Function],
  "findByTitle": [Function],
  "getAllByAltText": [Function],
  "getAllByDisplayValue": [Function],
  "getAllByLabelText": [Function],
  "getAllByPlaceholderText": [Function],
  "getAllByRole": [Function],
  "getAllByTestId": [Function],
  "getAllByText": [Function],
  "getAllByTitle": [Function],
  "getByAltText": [Function],
  "getByDisplayValue": [Function],
  "getByLabelText": [Function],
  "getByPlaceholderText": [Function],
  "getByRole": [Function],
  "getByTestId": [Function],
  "getByText": [Function],
  "getByTitle": [Function],
  "queryAllByAltText": [Function],
  "queryAllByDisplayValue": [Function],
  "queryAllByLabelText": [Function],
  "queryAllByPlaceholderText": [Function],
  "queryAllByRole": [Function],
  "queryAllByTestId": [Function],
  "queryAllByText": [Function],
  "queryAllByTitle": [Function],
  "queryByAltText": [Function],
  "queryByDisplayValue": [Function],
  "queryByLabelText": [Function],
  "queryByPlaceholderText": [Function],
  "queryByRole": [Function],
  "queryByTestId": [Function],
  "queryByText": [Function],
  "queryByTitle": [Function],
  "rerender": [Function],
  "unmount": [Function],
}
`;
