// Jest Snapshot v1, https://goo.gl/fbAQLP

exports[`查询页面：查询结果没有找到想着数据 匹配快照 1`] = `
Object {
  "asFragment": [Function],
  "baseElement": <body>
    <div>
      <div
        class="search-empty"
      >
        <div
          class="ant-result ant-result-info"
        >
          <div
            class="ant-result-icon"
          >
            <img
              alt=""
              src="empty.png"
              style="width: 100px; height: 100px;"
            />
          </div>
          <div
            class="ant-result-title"
          />
          <div
            class="ant-result-subtitle"
          >
            <div
              class="subtitle"
            >
              <p
                class="top"
              >
                很抱歉，没有找到相关数据。
              </p>
              <p>
                温馨提示：请检查您的查询条件是否正确
              </p>
              <p>
                如有任何意见或建议，请及时反馈给我们
              </p>
            </div>
          </div>
        </div>
      </div>
    </div>
  </body>,
  "container": <div>
    <div
      class="search-empty"
    >
      <div
        class="ant-result ant-result-info"
      >
        <div
          class="ant-result-icon"
        >
          <img
            alt=""
            src="empty.png"
            style="width: 100px; height: 100px;"
          />
        </div>
        <div
          class="ant-result-title"
        />
        <div
          class="ant-result-subtitle"
        >
          <div
            class="subtitle"
          >
            <p
              class="top"
            >
              很抱歉，没有找到相关数据。
            </p>
            <p>
              温馨提示：请检查您的查询条件是否正确
            </p>
            <p>
              如有任何意见或建议，请及时反馈给我们
            </p>
          </div>
        </div>
      </div>
    </div>
  </div>,
  "debug": [Function],
  "findAllByAltText": [Function],
  "findAllByDisplayValue": [Function],
  "findAllByLabelText": [Function],
  "findAllByPlaceholderText": [Function],
  "findAllByRole": [Function],
  "findAllByTestId": [Function],
  "findAllByText": [Function],
  "findAllByTitle": [Function],
  "findByAltText": [Function],
  "findByDisplayValue": [Function],
  "findByLabelText": [Function],
  "findByPlaceholderText": [Function],
  "findByRole": [Function],
  "findByTestId": [Function],
  "findByText": [Function],
  "findByTitle": [Function],
  "getAllByAltText": [Function],
  "getAllByDisplayValue": [Function],
  "getAllByLabelText": [Function],
  "getAllByPlaceholderText": [Function],
  "getAllByRole": [Function],
  "getAllByTestId": [Function],
  "getAllByText": [Function],
  "getAllByTitle": [Function],
  "getByAltText": [Function],
  "getByDisplayValue": [Function],
  "getByLabelText": [Function],
  "getByPlaceholderText": [Function],
  "getByRole": [Function],
  "getByTestId": [Function],
  "getByText": [Function],
  "getByTitle": [Function],
  "queryAllByAltText": [Function],
  "queryAllByDisplayValue": [Function],
  "queryAllByLabelText": [Function],
  "queryAllByPlaceholderText": [Function],
  "queryAllByRole": [Function],
  "queryAllByTestId": [Function],
  "queryAllByText": [Function],
  "queryAllByTitle": [Function],
  "queryByAltText": [Function],
  "queryByDisplayValue": [Function],
  "queryByLabelText": [Function],
  "queryByPlaceholderText": [Function],
  "queryByRole": [Function],
  "queryByTestId": [Function],
  "queryByText": [Function],
  "queryByTitle": [Function],
  "rerender": [Function],
  "unmount": [Function],
}
`;
