// Jest Snapshot v1, https://goo.gl/fbAQLP

exports[`查询页面：纸质单据 匹配快照 1`] = `
Object {
  "asFragment": [Function],
  "baseElement": <body>
    <div>
      <div>
        <div>
          纸质单据
        </div>
        <div
          style="padding-bottom: 22px;"
        >
          <div>
            <div
              data-testid="changeTab0"
            >
              化验单
               
              <span
                aria-label="down"
                class="anticon anticon-down"
                role="img"
              >
                <svg
                  aria-hidden="true"
                  class=""
                  data-icon="down"
                  fill="currentColor"
                  focusable="false"
                  height="1em"
                  viewBox="64 64 896 896"
                  width="1em"
                >
                  <path
                    d="M884 256h-75c-5.1 0-9.9 2.5-12.9 6.6L512 654.2 227.9 262.6c-3-4.1-7.8-6.6-12.9-6.6h-75c-6.5 0-10.3 7.4-6.5 12.7l352.6 486.1c12.8 17.6 39 17.6 51.7 0l352.6-486.1c3.9-5.3.1-12.7-6.4-12.7z"
                  />
                </svg>
              </span>
            </div>
            <div
              data-testid="isShow0"
              style="display: none;"
            >
              <div>
                <div>
                  <label
                    class="ant-checkbox-wrapper"
                  >
                    <span
                      class="ant-checkbox"
                    >
                      <input
                        class="ant-checkbox-input"
                        data-testid="checkbox0"
                        type="checkbox"
                        value=""
                      />
                      <span
                        class="ant-checkbox-inner"
                      />
                    </span>
                    <span>
                      生化全项
                    </span>
                  </label>
                </div>
                <div>
                  <label
                    class="ant-checkbox-wrapper"
                  >
                    <span
                      class="ant-checkbox"
                    >
                      <input
                        class="ant-checkbox-input"
                        data-testid="checkbox1"
                        type="checkbox"
                        value=""
                      />
                      <span
                        class="ant-checkbox-inner"
                      />
                    </span>
                    <span>
                      血常规
                    </span>
                  </label>
                </div>
                <div>
                  <label
                    class="ant-checkbox-wrapper"
                  >
                    <span
                      class="ant-checkbox"
                    >
                      <input
                        class="ant-checkbox-input"
                        data-testid="checkbox2"
                        type="checkbox"
                        value=""
                      />
                      <span
                        class="ant-checkbox-inner"
                      />
                    </span>
                    <span>
                      便常规
                    </span>
                  </label>
                </div>
                <div>
                  <button
                    class="ant-btn"
                    type="button"
                  >
                    <span>
                      取 消
                    </span>
                  </button>
                  <button
                    class="ant-btn ant-btn-primary"
                    type="button"
                  >
                    <span>
                       确定 
                    </span>
                  </button>
                </div>
              </div>
            </div>
          </div>
          <div>
            <div
              data-testid="changeTab1"
            >
              检查单
               
              <span
                aria-label="down"
                class="anticon anticon-down"
                role="img"
              >
                <svg
                  aria-hidden="true"
                  class=""
                  data-icon="down"
                  fill="currentColor"
                  focusable="false"
                  height="1em"
                  viewBox="64 64 896 896"
                  width="1em"
                >
                  <path
                    d="M884 256h-75c-5.1 0-9.9 2.5-12.9 6.6L512 654.2 227.9 262.6c-3-4.1-7.8-6.6-12.9-6.6h-75c-6.5 0-10.3 7.4-6.5 12.7l352.6 486.1c12.8 17.6 39 17.6 51.7 0l352.6-486.1c3.9-5.3.1-12.7-6.4-12.7z"
                  />
                </svg>
              </span>
            </div>
            <div
              data-testid="isShow1"
              style="display: none;"
            >
              <div>
                <div>
                  <label
                    class="ant-checkbox-wrapper"
                  >
                    <span
                      class="ant-checkbox"
                    >
                      <input
                        class="ant-checkbox-input"
                        data-testid="checkbox0"
                        type="checkbox"
                        value=""
                      />
                      <span
                        class="ant-checkbox-inner"
                      />
                    </span>
                    <span>
                      超声
                    </span>
                  </label>
                </div>
                <div>
                  <label
                    class="ant-checkbox-wrapper"
                  >
                    <span
                      class="ant-checkbox"
                    >
                      <input
                        class="ant-checkbox-input"
                        data-testid="checkbox1"
                        type="checkbox"
                        value=""
                      />
                      <span
                        class="ant-checkbox-inner"
                      />
                    </span>
                    <span>
                      心电图
                    </span>
                  </label>
                </div>
                <div>
                  <button
                    class="ant-btn"
                    type="button"
                  >
                    <span>
                      取 消
                    </span>
                  </button>
                  <button
                    class="ant-btn ant-btn-primary"
                    type="button"
                  >
                    <span>
                       确定 
                    </span>
                  </button>
                </div>
              </div>
            </div>
          </div>
        </div>
      </div>
    </div>
  </body>,
  "container": <div>
    <div>
      <div>
        纸质单据
      </div>
      <div
        style="padding-bottom: 22px;"
      >
        <div>
          <div
            data-testid="changeTab0"
          >
            化验单
             
            <span
              aria-label="down"
              class="anticon anticon-down"
              role="img"
            >
              <svg
                aria-hidden="true"
                class=""
                data-icon="down"
                fill="currentColor"
                focusable="false"
                height="1em"
                viewBox="64 64 896 896"
                width="1em"
              >
                <path
                  d="M884 256h-75c-5.1 0-9.9 2.5-12.9 6.6L512 654.2 227.9 262.6c-3-4.1-7.8-6.6-12.9-6.6h-75c-6.5 0-10.3 7.4-6.5 12.7l352.6 486.1c12.8 17.6 39 17.6 51.7 0l352.6-486.1c3.9-5.3.1-12.7-6.4-12.7z"
                />
              </svg>
            </span>
          </div>
          <div
            data-testid="isShow0"
            style="display: none;"
          >
            <div>
              <div>
                <label
                  class="ant-checkbox-wrapper"
                >
                  <span
                    class="ant-checkbox"
                  >
                    <input
                      class="ant-checkbox-input"
                      data-testid="checkbox0"
                      type="checkbox"
                      value=""
                    />
                    <span
                      class="ant-checkbox-inner"
                    />
                  </span>
                  <span>
                    生化全项
                  </span>
                </label>
              </div>
              <div>
                <label
                  class="ant-checkbox-wrapper"
                >
                  <span
                    class="ant-checkbox"
                  >
                    <input
                      class="ant-checkbox-input"
                      data-testid="checkbox1"
                      type="checkbox"
                      value=""
                    />
                    <span
                      class="ant-checkbox-inner"
                    />
                  </span>
                  <span>
                    血常规
                  </span>
                </label>
              </div>
              <div>
                <label
                  class="ant-checkbox-wrapper"
                >
                  <span
                    class="ant-checkbox"
                  >
                    <input
                      class="ant-checkbox-input"
                      data-testid="checkbox2"
                      type="checkbox"
                      value=""
                    />
                    <span
                      class="ant-checkbox-inner"
                    />
                  </span>
                  <span>
                    便常规
                  </span>
                </label>
              </div>
              <div>
                <button
                  class="ant-btn"
                  type="button"
                >
                  <span>
                    取 消
                  </span>
                </button>
                <button
                  class="ant-btn ant-btn-primary"
                  type="button"
                >
                  <span>
                     确定 
                  </span>
                </button>
              </div>
            </div>
          </div>
        </div>
        <div>
          <div
            data-testid="changeTab1"
          >
            检查单
             
            <span
              aria-label="down"
              class="anticon anticon-down"
              role="img"
            >
              <svg
                aria-hidden="true"
                class=""
                data-icon="down"
                fill="currentColor"
                focusable="false"
                height="1em"
                viewBox="64 64 896 896"
                width="1em"
              >
                <path
                  d="M884 256h-75c-5.1 0-9.9 2.5-12.9 6.6L512 654.2 227.9 262.6c-3-4.1-7.8-6.6-12.9-6.6h-75c-6.5 0-10.3 7.4-6.5 12.7l352.6 486.1c12.8 17.6 39 17.6 51.7 0l352.6-486.1c3.9-5.3.1-12.7-6.4-12.7z"
                />
              </svg>
            </span>
          </div>
          <div
            data-testid="isShow1"
            style="display: none;"
          >
            <div>
              <div>
                <label
                  class="ant-checkbox-wrapper"
                >
                  <span
                    class="ant-checkbox"
                  >
                    <input
                      class="ant-checkbox-input"
                      data-testid="checkbox0"
                      type="checkbox"
                      value=""
                    />
                    <span
                      class="ant-checkbox-inner"
                    />
                  </span>
                  <span>
                    超声
                  </span>
                </label>
              </div>
              <div>
                <label
                  class="ant-checkbox-wrapper"
                >
                  <span
                    class="ant-checkbox"
                  >
                    <input
                      class="ant-checkbox-input"
                      data-testid="checkbox1"
                      type="checkbox"
                      value=""
                    />
                    <span
                      class="ant-checkbox-inner"
                    />
                  </span>
                  <span>
                    心电图
                  </span>
                </label>
              </div>
              <div>
                <button
                  class="ant-btn"
                  type="button"
                >
                  <span>
                    取 消
                  </span>
                </button>
                <button
                  class="ant-btn ant-btn-primary"
                  type="button"
                >
                  <span>
                     确定 
                  </span>
                </button>
              </div>
            </div>
          </div>
        </div>
      </div>
    </div>
  </div>,
  "debug": [Function],
  "findAllByAltText": [Function],
  "findAllByDisplayValue": [Function],
  "findAllByLabelText": [Function],
  "findAllByPlaceholderText": [Function],
  "findAllByRole": [Function],
  "findAllByTestId": [Function],
  "findAllByText": [Function],
  "findAllByTitle": [Function],
  "findByAltText": [Function],
  "findByDisplayValue": [Function],
  "findByLabelText": [Function],
  "findByPlaceholderText": [Function],
  "findByRole": [Function],
  "findByTestId": [Function],
  "findByText": [Function],
  "findByTitle": [Function],
  "getAllByAltText": [Function],
  "getAllByDisplayValue": [Function],
  "getAllByLabelText": [Function],
  "getAllByPlaceholderText": [Function],
  "getAllByRole": [Function],
  "getAllByTestId": [Function],
  "getAllByText": [Function],
  "getAllByTitle": [Function],
  "getByAltText": [Function],
  "getByDisplayValue": [Function],
  "getByLabelText": [Function],
  "getByPlaceholderText": [Function],
  "getByRole": [Function],
  "getByTestId": [Function],
  "getByText": [Function],
  "getByTitle": [Function],
  "queryAllByAltText": [Function],
  "queryAllByDisplayValue": [Function],
  "queryAllByLabelText": [Function],
  "queryAllByPlaceholderText": [Function],
  "queryAllByRole": [Function],
  "queryAllByTestId": [Function],
  "queryAllByText": [Function],
  "queryAllByTitle": [Function],
  "queryByAltText": [Function],
  "queryByDisplayValue": [Function],
  "queryByLabelText": [Function],
  "queryByPlaceholderText": [Function],
  "queryByRole": [Function],
  "queryByTestId": [Function],
  "queryByText": [Function],
  "queryByTitle": [Function],
  "rerender": [Function],
  "unmount": [Function],
}
`;
