// Jest Snapshot v1, https://goo.gl/fbAQLP

exports[`报告的layout 匹配快照 1`] = `undefined`;
