// Jest Snapshot v1, https://goo.gl/fbAQLP

exports[`查询————表格组件 匹配快照 1`] = `
Object {
  "asFragment": [Function],
  "baseElement": <body>
    <div>
      <div
        class="report-wrap-table "
      >
        <div
          class="table-top"
        >
          <div
            class="table-top__info"
          >
            根据您的搜索条件，为您智能筛选字段。您可以对结果字段进行增加或删除
          </div>
          <div
            class="btn-wrap"
          >
            <span
              class="create-btn"
            >
              <span
                class="create-report"
                data-testid="plugin"
              >
                生成报告
              </span>
            </span>
            <span
              class="full-screen"
            >
              <img
                alt=""
                data-testid="full-btn"
                src="icon_full_exit.svg"
              />
            </span>
            <span>
              <img
                alt="添加字段"
                src="icon_add.svg"
              />
            </span>
          </div>
        </div>
        <div
          class="ant-table-wrapper"
        >
          <div
            class="ant-spin-nested-loading"
          >
            <div
              class="ant-spin-container"
            >
              <div
                class="ant-table"
              >
                <div
                  class="ant-table-container"
                >
                  <div
                    class="ant-table-content"
                  >
                    <table
                      style="table-layout: auto;"
                    >
                      <colgroup />
                      <thead
                        class="ant-table-thead"
                      >
                        <tr>
                          <th
                            class="ant-table-cell"
                          >
                            <div>
                              姓名
                              <span
                                aria-label="close"
                                class="anticon anticon-close"
                                role="img"
                                tabindex="-1"
                              >
                                <svg
                                  aria-hidden="true"
                                  class=""
                                  data-icon="close"
                                  fill="currentColor"
                                  focusable="false"
                                  height="1em"
                                  viewBox="64 64 896 896"
                                  width="1em"
                                >
                                  <path
                                    d="M563.8 512l262.5-312.9c4.4-5.2.7-13.1-6.1-13.1h-79.8c-4.7 0-9.2 2.1-12.3 5.7L511.6 449.8 295.1 191.7c-3-3.6-7.5-5.7-12.3-5.7H203c-6.8 0-10.5 7.9-6.1 13.1L459.4 512 196.9 824.9A7.95 7.95 0 00203 838h79.8c4.7 0 9.2-2.1 12.3-5.7l216.5-258.1 216.5 258.1c3 3.6 7.5 5.7 12.3 5.7h79.8c6.8 0 10.5-7.9 6.1-13.1L563.8 512z"
                                  />
                                </svg>
                              </span>
                            </div>
                          </th>
                          <th
                            class="ant-table-cell"
                          >
                            <div>
                              年龄
                              <span
                                aria-label="close"
                                class="anticon anticon-close"
                                role="img"
                                tabindex="-1"
                              >
                                <svg
                                  aria-hidden="true"
                                  class=""
                                  data-icon="close"
                                  fill="currentColor"
                                  focusable="false"
                                  height="1em"
                                  viewBox="64 64 896 896"
                                  width="1em"
                                >
                                  <path
                                    d="M563.8 512l262.5-312.9c4.4-5.2.7-13.1-6.1-13.1h-79.8c-4.7 0-9.2 2.1-12.3 5.7L511.6 449.8 295.1 191.7c-3-3.6-7.5-5.7-12.3-5.7H203c-6.8 0-10.5 7.9-6.1 13.1L459.4 512 196.9 824.9A7.95 7.95 0 00203 838h79.8c4.7 0 9.2-2.1 12.3-5.7l216.5-258.1 216.5 258.1c3 3.6 7.5 5.7 12.3 5.7h79.8c6.8 0 10.5-7.9 6.1-13.1L563.8 512z"
                                  />
                                </svg>
                              </span>
                            </div>
                          </th>
                        </tr>
                      </thead>
                      <tbody
                        class="ant-table-tbody"
                      >
                        <tr
                          class="ant-table-row ant-table-row-level-0"
                          data-row-key="232"
                        >
                          <td
                            class="ant-table-cell"
                          >
                            小明
                          </td>
                          <td
                            class="ant-table-cell"
                          >
                            20
                          </td>
                        </tr>
                        <tr
                          class="ant-table-row ant-table-row-level-0"
                          data-row-key="222"
                        >
                          <td
                            class="ant-table-cell"
                          >
                            小卷
                          </td>
                          <td
                            class="ant-table-cell"
                          >
                            30
                          </td>
                        </tr>
                      </tbody>
                    </table>
                  </div>
                </div>
              </div>
            </div>
          </div>
        </div>
      </div>
    </div>
  </body>,
  "container": <div>
    <div
      class="report-wrap-table "
    >
      <div
        class="table-top"
      >
        <div
          class="table-top__info"
        >
          根据您的搜索条件，为您智能筛选字段。您可以对结果字段进行增加或删除
        </div>
        <div
          class="btn-wrap"
        >
          <span
            class="create-btn"
          >
            <span
              class="create-report"
              data-testid="plugin"
            >
              生成报告
            </span>
          </span>
          <span
            class="full-screen"
          >
            <img
              alt=""
              data-testid="full-btn"
              src="icon_full_exit.svg"
            />
          </span>
          <span>
            <img
              alt="添加字段"
              src="icon_add.svg"
            />
          </span>
        </div>
      </div>
      <div
        class="ant-table-wrapper"
      >
        <div
          class="ant-spin-nested-loading"
        >
          <div
            class="ant-spin-container"
          >
            <div
              class="ant-table"
            >
              <div
                class="ant-table-container"
              >
                <div
                  class="ant-table-content"
                >
                  <table
                    style="table-layout: auto;"
                  >
                    <colgroup />
                    <thead
                      class="ant-table-thead"
                    >
                      <tr>
                        <th
                          class="ant-table-cell"
                        >
                          <div>
                            姓名
                            <span
                              aria-label="close"
                              class="anticon anticon-close"
                              role="img"
                              tabindex="-1"
                            >
                              <svg
                                aria-hidden="true"
                                class=""
                                data-icon="close"
                                fill="currentColor"
                                focusable="false"
                                height="1em"
                                viewBox="64 64 896 896"
                                width="1em"
                              >
                                <path
                                  d="M563.8 512l262.5-312.9c4.4-5.2.7-13.1-6.1-13.1h-79.8c-4.7 0-9.2 2.1-12.3 5.7L511.6 449.8 295.1 191.7c-3-3.6-7.5-5.7-12.3-5.7H203c-6.8 0-10.5 7.9-6.1 13.1L459.4 512 196.9 824.9A7.95 7.95 0 00203 838h79.8c4.7 0 9.2-2.1 12.3-5.7l216.5-258.1 216.5 258.1c3 3.6 7.5 5.7 12.3 5.7h79.8c6.8 0 10.5-7.9 6.1-13.1L563.8 512z"
                                />
                              </svg>
                            </span>
                          </div>
                        </th>
                        <th
                          class="ant-table-cell"
                        >
                          <div>
                            年龄
                            <span
                              aria-label="close"
                              class="anticon anticon-close"
                              role="img"
                              tabindex="-1"
                            >
                              <svg
                                aria-hidden="true"
                                class=""
                                data-icon="close"
                                fill="currentColor"
                                focusable="false"
                                height="1em"
                                viewBox="64 64 896 896"
                                width="1em"
                              >
                                <path
                                  d="M563.8 512l262.5-312.9c4.4-5.2.7-13.1-6.1-13.1h-79.8c-4.7 0-9.2 2.1-12.3 5.7L511.6 449.8 295.1 191.7c-3-3.6-7.5-5.7-12.3-5.7H203c-6.8 0-10.5 7.9-6.1 13.1L459.4 512 196.9 824.9A7.95 7.95 0 00203 838h79.8c4.7 0 9.2-2.1 12.3-5.7l216.5-258.1 216.5 258.1c3 3.6 7.5 5.7 12.3 5.7h79.8c6.8 0 10.5-7.9 6.1-13.1L563.8 512z"
                                />
                              </svg>
                            </span>
                          </div>
                        </th>
                      </tr>
                    </thead>
                    <tbody
                      class="ant-table-tbody"
                    >
                      <tr
                        class="ant-table-row ant-table-row-level-0"
                        data-row-key="232"
                      >
                        <td
                          class="ant-table-cell"
                        >
                          小明
                        </td>
                        <td
                          class="ant-table-cell"
                        >
                          20
                        </td>
                      </tr>
                      <tr
                        class="ant-table-row ant-table-row-level-0"
                        data-row-key="222"
                      >
                        <td
                          class="ant-table-cell"
                        >
                          小卷
                        </td>
                        <td
                          class="ant-table-cell"
                        >
                          30
                        </td>
                      </tr>
                    </tbody>
                  </table>
                </div>
              </div>
            </div>
          </div>
        </div>
      </div>
    </div>
  </div>,
  "debug": [Function],
  "findAllByAltText": [Function],
  "findAllByDisplayValue": [Function],
  "findAllByLabelText": [Function],
  "findAllByPlaceholderText": [Function],
  "findAllByRole": [Function],
  "findAllByTestId": [Function],
  "findAllByText": [Function],
  "findAllByTitle": [Function],
  "findByAltText": [Function],
  "findByDisplayValue": [Function],
  "findByLabelText": [Function],
  "findByPlaceholderText": [Function],
  "findByRole": [Function],
  "findByTestId": [Function],
  "findByText": [Function],
  "findByTitle": [Function],
  "getAllByAltText": [Function],
  "getAllByDisplayValue": [Function],
  "getAllByLabelText": [Function],
  "getAllByPlaceholderText": [Function],
  "getAllByRole": [Function],
  "getAllByTestId": [Function],
  "getAllByText": [Function],
  "getAllByTitle": [Function],
  "getByAltText": [Function],
  "getByDisplayValue": [Function],
  "getByLabelText": [Function],
  "getByPlaceholderText": [Function],
  "getByRole": [Function],
  "getByTestId": [Function],
  "getByText": [Function],
  "getByTitle": [Function],
  "queryAllByAltText": [Function],
  "queryAllByDisplayValue": [Function],
  "queryAllByLabelText": [Function],
  "queryAllByPlaceholderText": [Function],
  "queryAllByRole": [Function],
  "queryAllByTestId": [Function],
  "queryAllByText": [Function],
  "queryAllByTitle": [Function],
  "queryByAltText": [Function],
  "queryByDisplayValue": [Function],
  "queryByLabelText": [Function],
  "queryByPlaceholderText": [Function],
  "queryByRole": [Function],
  "queryByTestId": [Function],
  "queryByText": [Function],
  "queryByTitle": [Function],
  "rerender": [Function],
  "unmount": [Function],
}
`;
